{
  "version": "1.5.0",
  "plugins_used": [
    { "name": "AWSKeyDetector" },
    { "name": "Base64HighEntropyString", "limit": 4.5 },
    { "name": "BasicAuthDetector" },
    { "name": "GitHubTokenDetector" },
    { "name": "HexHighEntropyString", "limit": 3.0 },
    { "name": "JwtTokenDetector" },
    { "name": "KeywordDetector", "keyword_exclude": "" },
    { "name": "OpenAIDetector" },
    { "name": "PrivateKeyDetector" },
    { "name": "SlackDetector" }
  ],
  "filters_used": [
    { "path": "detect_secrets.filters.allowlist.is_line_allowlisted" },
    { "path": "detect_secrets.filters.common.is_ignored_due_to_verification_policies", "min_level": 2 },
    { "path": "detect_secrets.filters.heuristic.is_likely_id_string" },
    { "path": "detect_secrets.filters.heuristic.is_potential_secret" },
    { "path": "detect_secrets.filters.heuristic.is_templated_secret" },
    { "path": "detect_secrets.filters.regex.should_exclude_file",
      "pattern": ["\\.env\\.example$", "\\.secrets\\.baseline$", "poetry\\.lock$", "package-lock\\.json$"]
    }
  ],
  "results": {},
  "generated_at": "2026-06-29T10:30:00+08:00"
}
